// Jest Snapshot v1, https://goo.gl/fbAQLP

exports[`<Logo /> expect to render component 1`] = `
<styled.div>
  <styled.span
    className="left"
  >
    {
  </styled.span>
  <styled.span>
     
     NAAMAN CURTIS 
     
  </styled.span>
  <styled.span>
    }
  </styled.span>
</styled.div>
`;
